9
K 4 A
K 2 P
R 5 P
R 4 A
R 3 A
R 1 A
K 5 A
K 3 P
K 1 A